
> veilpay@0.1.0 build
> next build

Γû▓ Next.js 16.1.6 (Turbopack)
- Environments: .env.local

  Creating an optimized production build ...
node.exe : 
At line:1 char:1
+ & "C:\nvm4w\nodejs/node.exe" 
"C:\nvm4w\nodejs/node_modules/npm/bin/np ...
+ ~~~~~~~~~~~~~~~~~~~~~~~~~~~~~~~~~~~~~~~~~~~~~~~~~~~~~~~~~~~~~~~~~~~~~
    + CategoryInfo          : NotSpecified: (:String) [], RemoteExcept 
   ion
    + FullyQualifiedErrorId : NativeCommandError
 
> Build error occurred
Error: Turbopack build failed with 3 errors:
./src/lib/stealth.ts:1:1
Module not found: Can't resolve '@noble/curves/secp256k1'
[0m[31m[1m>[22m[39m[90m 1 |[39m [36mimport[39m { secp256k1 } 
[36mfrom[39m [32m'@noble/curves/secp256k1'[39m[33m;[39m
 [90m   |[39m [31m[1m^[22m[39m[31m[1m^[22m[39m[31m[1m^[22m
[39m[31m[1m^[22m[39m[31m[1m^[22m[39m[31m[1m^[22m[39m[31m
[1m^[22m[39m[31m[1m^[22m[39m[31m[1m^[22m[39m[31m[1m^[22m[
39m[31m[1m^[22m[39m[31m[1m^[22m[39m[31m[1m^[22m[39m[31m[1
m^[22m[39m[31m[1m^[22m[39m[31m[1m^[22m[39m[31m[1m^[22m[39
m[31m[1m^[22m[39m[31m[1m^[22m[39m[31m[1m^[22m[39m[31m[1m^
[22m[39m[31m[1m^[22m[39m[31m[1m^[22m[39m[31m[1m^[22m[39m
[31m[1m^[22m[39m[31m[1m^[22m[39m[31m[1m^[22m[39m[31m[1m^[
22m[39m[31m[1m^[22m[39m[31m[1m^[22m[39m[31m[1m^[22m[39m[3
1m[1m^[22m[39m[31m[1m^[22m[39m[31m[1m^[22m[39m[31m[1m^[22
m[39m[31m[1m^[22m[39m[31m[1m^[22m[39m[31m[1m^[22m[39m[31m
[1m^[22m[39m[31m[1m^[22m[39m[31m[1m^[22m[39m[31m[1m^[22m
[39m[31m[1m^[22m[39m[31m[1m^[22m[39m[31m[1m^[22m[39m[31m[
1m^[22m[39m[31m[1m^[22m[39m[31m[1m^[22m[39m[31m[1m^[22m[3
9m[31m[1m^[22m[39m[31m[1m^[22m[39m[31m[1m^[22m[39m
 [90m 2 |[39m [36mimport[39m { keccak_256 } [36mfrom[39m 
[32m'@noble/hashes/sha3'[39m[33m;[39m
 [90m 3 |[39m [36mimport[39m { randomBytes } [36mfrom[39m 
[32m'@noble/hashes/utils'[39m[33m;[39m
 [90m 4 |[39m[0m



Import traces:
  Client Component Browser:
    ./src/lib/stealth.ts [Client Component Browser]
    ./src/app/payments/page.tsx [Client Component Browser]
    ./src/app/payments/page.tsx [Server Component]

  Client Component SSR:
    ./src/lib/stealth.ts [Client Component SSR]
    ./src/app/payments/page.tsx [Client Component SSR]
    ./src/app/payments/page.tsx [Server Component]

https://nextjs.org/docs/messages/module-not-found


./src/lib/stealth.ts:2:1
Module not found: Can't resolve '@noble/hashes/sha3'
[0m [90m 1 |[39m [36mimport[39m { secp256k1 } [36mfrom[39m 
[32m'@noble/curves/secp256k1'[39m[33m;[39m
[31m[1m>[22m[39m[90m 2 |[39m [36mimport[39m { keccak_256 } 
[36mfrom[39m [32m'@noble/hashes/sha3'[39m[33m;[39m
 [90m   |[39m [31m[1m^[22m[39m[31m[1m^[22m[39m[31m[1m^[22m
[39m[31m[1m^[22m[39m[31m[1m^[22m[39m[31m[1m^[22m[39m[31m
[1m^[22m[39m[31m[1m^[22m[39m[31m[1m^[22m[39m[31m[1m^[22m[
39m[31m[1m^[22m[39m[31m[1m^[22m[39m[31m[1m^[22m[39m[31m[1
m^[22m[39m[31m[1m^[22m[39m[31m[1m^[22m[39m[31m[1m^[22m[39
m[31m[1m^[22m[39m[31m[1m^[22m[39m[31m[1m^[22m[39m[31m[1m^
[22m[39m[31m[1m^[22m[39m[31m[1m^[22m[39m[31m[1m^[22m[39m
[31m[1m^[22m[39m[31m[1m^[22m[39m[31m[1m^[22m[39m[31m[1m^[
22m[39m[31m[1m^[22m[39m[31m[1m^[22m[39m[31m[1m^[22m[39m[3
1m[1m^[22m[39m[31m[1m^[22m[39m[31m[1m^[22m[39m[31m[1m^[22
m[39m[31m[1m^[22m[39m[31m[1m^[22m[39m[31m[1m^[22m[39m[31m
[1m^[22m[39m[31m[1m^[22m[39m[31m[1m^[22m[39m[31m[1m^[22m
[39m[31m[1m^[22m[39m[31m[1m^[22m[39m[31m[1m^[22m[39m[31m[
1m^[22m[39m[31m[1m^[22m[39m[31m[1m^[22m[39m
 [90m 3 |[39m [36mimport[39m { randomBytes } [36mfrom[39m 
[32m'@noble/hashes/utils'[39m[33m;[39m
 [90m 4 |[39m
 [90m 5 |[39m [36mconst[39m [33mG[39m [33m=[39m secp256k1[33m.
[39m[33mProjectivePoint[39m[33m.[39m[33mBASE[39m[33m;[39m[0m



Import traces:
  Client Component Browser:
    ./src/lib/stealth.ts [Client Component Browser]
    ./src/app/payments/page.tsx [Client Component Browser]
    ./src/app/payments/page.tsx [Server Component]

  Client Component SSR:
    ./src/lib/stealth.ts [Client Component SSR]
    ./src/app/payments/page.tsx [Client Component SSR]
    ./src/app/payments/page.tsx [Server Component]

https://nextjs.org/docs/messages/module-not-found


./src/lib/stealth.ts:3:1
Module not found: Can't resolve '@noble/hashes/utils'
[0m [90m 1 |[39m [36mimport[39m { secp256k1 } [36mfrom[39m 
[32m'@noble/curves/secp256k1'[39m[33m;[39m
 [90m 2 |[39m [36mimport[39m { keccak_256 } [36mfrom[39m 
[32m'@noble/hashes/sha3'[39m[33m;[39m
[31m[1m>[22m[39m[90m 3 |[39m [36mimport[39m { randomBytes } 
[36mfrom[39m [32m'@noble/hashes/utils'[39m[33m;[39m
 [90m   |[39m [31m[1m^[22m[39m[31m[1m^[22m[39m[31m[1m^[22m
[39m[31m[1m^[22m[39m[31m[1m^[22m[39m[31m[1m^[22m[39m[31m
[1m^[22m[39m[31m[1m^[22m[39m[31m[1m^[22m[39m[31m[1m^[22m[
39m[31m[1m^[22m[39m[31m[1m^[22m[39m[31m[1m^[22m[39m[31m[1
m^[22m[39m[31m[1m^[22m[39m[31m[1m^[22m[39m[31m[1m^[22m[39
m[31m[1m^[22m[39m[31m[1m^[22m[39m[31m[1m^[22m[39m[31m[1m^
[22m[39m[31m[1m^[22m[39m[31m[1m^[22m[39m[31m[1m^[22m[39m
[31m[1m^[22m[39m[31m[1m^[22m[39m[31m[1m^[22m[39m[31m[1m^[
22m[39m[31m[1m^[22m[39m[31m[1m^[22m[39m[31m[1m^[22m[39m[3
1m[1m^[22m[39m[31m[1m^[22m[39m[31m[1m^[22m[39m[31m[1m^[22
m[39m[31m[1m^[22m[39m[31m[1m^[22m[39m[31m[1m^[22m[39m[31m
[1m^[22m[39m[31m[1m^[22m[39m[31m[1m^[22m[39m[31m[1m^[22m
[39m[31m[1m^[22m[39m[31m[1m^[22m[39m[31m[1m^[22m[39m[31m[
1m^[22m[39m[31m[1m^[22m[39m[31m[1m^[22m[39m[31m[1m^[22m[3
9m[31m[1m^[22m[39m
 [90m 4 |[39m
 [90m 5 |[39m [36mconst[39m [33mG[39m [33m=[39m secp256k1[33m.
[39m[33mProjectivePoint[39m[33m.[39m[33mBASE[39m[33m;[39m
 [90m 6 |[39m [36mconst[39m n [33m=[39m 
secp256k1[33m.[39m[33mCURVE[39m[33m.[39mn[33m;[39m[0m



Import traces:
  Client Component Browser:
    ./src/lib/stealth.ts [Client Component Browser]
    ./src/app/payments/page.tsx [Client Component Browser]
    ./src/app/payments/page.tsx [Server Component]

  Client Component SSR:
    ./src/lib/stealth.ts [Client Component SSR]
    ./src/app/payments/page.tsx [Client Component SSR]
    ./src/app/payments/page.tsx [Server Component]

https://nextjs.org/docs/messages/module-not-found


    at <unknown> (./src/lib/stealth.ts:1:1)
    at <unknown> (https://nextjs.org/docs/messages/module-not-found)
    at <unknown> (./src/lib/stealth.ts:2:1)
    at <unknown> (https://nextjs.org/docs/messages/module-not-found)
    at <unknown> (./src/lib/stealth.ts:3:1)
    at <unknown> (https://nextjs.org/docs/messages/module-not-found)
