
> veilpay@0.1.0 build
> next build

Γû▓ Next.js 16.1.6 (Turbopack)
- Environments: .env.local

  Creating an optimized production build ...
Γ£ô Compiled successfully in 10.4s
  Running TypeScript ...
  Collecting page data using 11 workers ...
  Generating static pages using 11 workers (0/12) ...
node.exe : The width(-1) and height(-1) of chart should be greater 
than 0,
At line:1 char:1
+ & "C:\nvm4w\nodejs/node.exe" 
"C:\nvm4w\nodejs/node_modules/npm/bin/np ...
+ ~~~~~~~~~~~~~~~~~~~~~~~~~~~~~~~~~~~~~~~~~~~~~~~~~~~~~~~~~~~~~~~~~~~~~
    + CategoryInfo          : NotSpecified: (The width(-1) a...greater 
    than 0,:String) [], RemoteException
    + FullyQualifiedErrorId : NativeCommandError
 
       please check the style of container, or the props width(100%) 
and height(100%),
       or add a minWidth(0) or minHeight(undefined) or use 
aspect(undefined) to control the
       height and width.
The width(-1) and height(-1) of chart should be greater than 0,
       please check the style of container, or the props width(100%) 
and height(100%),
       or add a minWidth(0) or minHeight(undefined) or use 
aspect(undefined) to control the
       height and width.
  Generating static pages using 11 workers (3/12) 
  Generating static pages using 11 workers (6/12) 
  Generating static pages using 11 workers (9/12) 
Γ£ô Generating static pages using 11 workers (12/12) in 1016.6ms
  Finalizing page optimization ...

Route (app)
Γöî Γùï /
Γö£ Γùï /_not-found
Γö£ Γùï /account
Γö£ Γùï /ai-insights
Γö£ Γùï /analytics
Γö£ ╞Æ /api/insights
Γö£ Γùï /calculator
Γö£ ╞Æ /cards/[id]
Γö£ Γùï /dashboard
Γö£ Γùï /history
Γöö Γùï /payments


Γùï  (Static)   prerendered as static content
╞Æ  (Dynamic)  server-rendered on demand

